Release Log for cloudmesh-ai-theme version 7.0.2
Started at: 2026-05-16T11:18:02.262265
----------------------------------------
[2026-05-16 11:18:02] DEBUG: Executing: git describe --tags --abbrev=0
STDOUT:
v7.0.2.dev1

[2026-05-16 11:18:02] DEBUG: Generating changelog for v7.0.2.dev1..HEAD...
[2026-05-16 11:18:02] DEBUG: Executing: git log v7.0.2.dev1..HEAD --oneline --no-merges
STDOUT:
f95ff1a Fix TemplateNotFound by moving assets from docs/theme to docs/assets/theme
d9542cf Centralize theme assets and update configuration
08388f3 Update release workflow and version

[2026-05-16 11:18:06] INFO: Creating baseline git commit...
[2026-05-16 11:18:06] DEBUG: Executing: git rev-parse HEAD
STDOUT:
f95ff1a83aa3841122729eacc89b0659a38e857e

[2026-05-16 11:18:06] DEBUG: Executing: git describe --tags --always --dirty
STDOUT:
v7.0.2.dev1-3-gf95ff1a

[2026-05-16 11:18:06] DEBUG: Executing: git add .
